2025-07-09 09:07:45,194 - INFO - WMI connection established successfully
2025-07-09 09:07:45,195 - INFO - USB Event: {"timestamp": "2025-07-09T09:07:45.195424", "event_type": "monitoring_started", "threat_level": "INFO", "details": {}, "system_info": {"hostname": "LAPTOP-9N62H7OO", "user": "aayus"}, "event_data": {"status": "starting"}}
2025-07-09 09:07:47,430 - INFO - Event sent to Splunk successfully
2025-07-09 09:07:47,443 - INFO - Starting Enhanced USB monitoring service with MTP support...
2025-07-09 09:07:52,687 - INFO - USB Event: {"timestamp": "2025-07-09T09:07:52.687992", "event_type": "usb_device_connected", "threat_level": "MEDIUM", "details": {}, "system_info": {"hostname": "LAPTOP-9N62H7OO", "user": "aayus"}, "event_data": {"device_type": "Mobile_Device", "protocol": "MTP/PTP", "is_phone": true, "connection_time": "2025-07-09T09:07:52.687992", "manufacturer": "Unknown", "device_name": "VID_04E8&PID_6860&MS_COMP_MTP&SAMSUNG_Android"}}
2025-07-09 09:07:54,794 - INFO - Event sent to Splunk successfully
2025-07-09 09:07:55,875 - INFO - Device connected: VID_04E8&PID_6860&MS_COMP_MTP&SAMSUNG_Android (Protocol: MTP/PTP)
2025-07-09 09:07:55,875 - INFO - USB Event: {"timestamp": "2025-07-09T09:07:55.875966", "event_type": "usb_device_connected", "threat_level": "MEDIUM", "details": {}, "system_info": {"hostname": "LAPTOP-9N62H7OO", "user": "aayus"}, "event_data": {"device_type": "Mobile_Device", "protocol": "MTP/PTP", "is_phone": true, "connection_time": "2025-07-09T09:07:55.875966", "manufacturer": "Unknown", "device_name": "##?#USB#VID_04E8&PID_6860&MS_COMP_MTP&SAMSUNG_Android#6&c70e816&2&0000#{6ac27878-a6fa-4155-ba85-f98f491d4f33}"}}
2025-07-09 09:07:57,983 - INFO - Event sent to Splunk successfully
2025-07-09 09:07:59,001 - INFO - Device connected: ##?#USB#VID_04E8&PID_6860&MS_COMP_MTP&SAMSUNG_Android#6&c70e816&2&0000#{6ac27878-a6fa-4155-ba85-f98f491d4f33} (Protocol: MTP/PTP)
2025-07-09 09:08:41,992 - INFO - USB Event: {"timestamp": "2025-07-09T09:08:41.992399", "event_type": "mtp_file_transfer", "threat_level": "MEDIUM", "details": {}, "system_info": {"hostname": "LAPTOP-9N62H7OO", "user": "aayus"}, "event_data": {"device_id": "REG_VID_04E8&PID_6860&MS_COMP_MTP&SAMSUNG_Android", "device_name": "VID_04E8&PID_6860&MS_COMP_MTP&SAMSUNG_Android", "protocol": "MTP/PTP", "is_phone": true, "manufacturer": "Unknown", "transfer_type": "MTP_FILE_TRANSFER"}}
2025-07-09 09:08:44,077 - INFO - Event sent to Splunk successfully
2025-07-09 09:08:44,079 - INFO - MTP file transfer detected on VID_04E8&PID_6860&MS_COMP_MTP&SAMSUNG_Android
2025-07-09 09:08:44,632 - INFO - USB Event: {"timestamp": "2025-07-09T09:08:44.632980", "event_type": "mtp_file_transfer", "threat_level": "MEDIUM", "details": {}, "system_info": {"hostname": "LAPTOP-9N62H7OO", "user": "aayus"}, "event_data": {"device_id": "REG_##?#USB#VID_04E8&PID_6860&MS_COMP_MTP&SAMSUNG_Android#6&c70e816&2&0000#{6ac27878-a6fa-4155-ba85-f98f491d4f33}", "device_name": "##?#USB#VID_04E8&PID_6860&MS_COMP_MTP&SAMSUNG_Android#6&c70e816&2&0000#{6ac27878-a6fa-4155-ba85-f98f491d4f33}", "protocol": "MTP/PTP", "is_phone": true, "manufacturer": "Unknown", "transfer_type": "MTP_FILE_TRANSFER"}}
2025-07-09 09:08:46,738 - INFO - Event sent to Splunk successfully
2025-07-09 09:08:46,740 - INFO - MTP file transfer detected on ##?#USB#VID_04E8&PID_6860&MS_COMP_MTP&SAMSUNG_Android#6&c70e816&2&0000#{6ac27878-a6fa-4155-ba85-f98f491d4f33}
2025-07-09 09:09:40,050 - INFO - USB Event: {"timestamp": "2025-07-09T09:09:40.050442", "event_type": "mtp_file_transfer", "threat_level": "MEDIUM", "details": {}, "system_info": {"hostname": "LAPTOP-9N62H7OO", "user": "aayus"}, "event_data": {"device_id": "REG_VID_04E8&PID_6860&MS_COMP_MTP&SAMSUNG_Android", "device_name": "VID_04E8&PID_6860&MS_COMP_MTP&SAMSUNG_Android", "protocol": "MTP/PTP", "is_phone": true, "manufacturer": "Unknown", "transfer_type": "MTP_FILE_TRANSFER"}}
2025-07-09 09:09:42,130 - INFO - Event sent to Splunk successfully
2025-07-09 09:09:42,131 - INFO - MTP file transfer detected on VID_04E8&PID_6860&MS_COMP_MTP&SAMSUNG_Android
2025-07-09 09:09:42,713 - INFO - USB Event: {"timestamp": "2025-07-09T09:09:42.712019", "event_type": "mtp_file_transfer", "threat_level": "MEDIUM", "details": {}, "system_info": {"hostname": "LAPTOP-9N62H7OO", "user": "aayus"}, "event_data": {"device_id": "REG_##?#USB#VID_04E8&PID_6860&MS_COMP_MTP&SAMSUNG_Android#6&c70e816&2&0000#{6ac27878-a6fa-4155-ba85-f98f491d4f33}", "device_name": "##?#USB#VID_04E8&PID_6860&MS_COMP_MTP&SAMSUNG_Android#6&c70e816&2&0000#{6ac27878-a6fa-4155-ba85-f98f491d4f33}", "protocol": "MTP/PTP", "is_phone": true, "manufacturer": "Unknown", "transfer_type": "MTP_FILE_TRANSFER"}}
2025-07-09 09:09:44,805 - INFO - Event sent to Splunk successfully
2025-07-09 09:09:44,806 - INFO - MTP file transfer detected on ##?#USB#VID_04E8&PID_6860&MS_COMP_MTP&SAMSUNG_Android#6&c70e816&2&0000#{6ac27878-a6fa-4155-ba85-f98f491d4f33}
2025-07-09 09:10:55,098 - INFO - USB Event: {"timestamp": "2025-07-09T09:10:55.098420", "event_type": "mtp_file_transfer", "threat_level": "MEDIUM", "details": {}, "system_info": {"hostname": "LAPTOP-9N62H7OO", "user": "aayus"}, "event_data": {"device_id": "REG_VID_04E8&PID_6860&MS_COMP_MTP&SAMSUNG_Android", "device_name": "VID_04E8&PID_6860&MS_COMP_MTP&SAMSUNG_Android", "protocol": "MTP/PTP", "is_phone": true, "manufacturer": "Unknown", "transfer_type": "MTP_FILE_TRANSFER"}}
2025-07-09 09:10:57,193 - INFO - Event sent to Splunk successfully
2025-07-09 09:10:57,195 - INFO - MTP file transfer detected on VID_04E8&PID_6860&MS_COMP_MTP&SAMSUNG_Android
2025-07-09 09:10:57,857 - INFO - USB Event: {"timestamp": "2025-07-09T09:10:57.857342", "event_type": "mtp_file_transfer", "threat_level": "MEDIUM", "details": {}, "system_info": {"hostname": "LAPTOP-9N62H7OO", "user": "aayus"}, "event_data": {"device_id": "REG_##?#USB#VID_04E8&PID_6860&MS_COMP_MTP&SAMSUNG_Android#6&c70e816&2&0000#{6ac27878-a6fa-4155-ba85-f98f491d4f33}", "device_name": "##?#USB#VID_04E8&PID_6860&MS_COMP_MTP&SAMSUNG_Android#6&c70e816&2&0000#{6ac27878-a6fa-4155-ba85-f98f491d4f33}", "protocol": "MTP/PTP", "is_phone": true, "manufacturer": "Unknown", "transfer_type": "MTP_FILE_TRANSFER"}}
2025-07-09 09:10:59,974 - INFO - Event sent to Splunk successfully
2025-07-09 09:10:59,975 - INFO - MTP file transfer detected on ##?#USB#VID_04E8&PID_6860&MS_COMP_MTP&SAMSUNG_Android#6&c70e816&2&0000#{6ac27878-a6fa-4155-ba85-f98f491d4f33}
2025-07-09 09:11:56,288 - INFO - USB Event: {"timestamp": "2025-07-09T09:11:56.288708", "event_type": "mtp_file_transfer", "threat_level": "MEDIUM", "details": {}, "system_info": {"hostname": "LAPTOP-9N62H7OO", "user": "aayus"}, "event_data": {"device_id": "REG_VID_04E8&PID_6860&MS_COMP_MTP&SAMSUNG_Android", "device_name": "VID_04E8&PID_6860&MS_COMP_MTP&SAMSUNG_Android", "protocol": "MTP/PTP", "is_phone": true, "manufacturer": "Unknown", "transfer_type": "MTP_FILE_TRANSFER"}}
2025-07-09 09:11:58,370 - INFO - Event sent to Splunk successfully
2025-07-09 09:11:58,370 - INFO - MTP file transfer detected on VID_04E8&PID_6860&MS_COMP_MTP&SAMSUNG_Android
2025-07-09 09:11:59,044 - INFO - USB Event: {"timestamp": "2025-07-09T09:11:59.044235", "event_type": "mtp_file_transfer", "threat_level": "MEDIUM", "details": {}, "system_info": {"hostname": "LAPTOP-9N62H7OO", "user": "aayus"}, "event_data": {"device_id": "REG_##?#USB#VID_04E8&PID_6860&MS_COMP_MTP&SAMSUNG_Android#6&c70e816&2&0000#{6ac27878-a6fa-4155-ba85-f98f491d4f33}", "device_name": "##?#USB#VID_04E8&PID_6860&MS_COMP_MTP&SAMSUNG_Android#6&c70e816&2&0000#{6ac27878-a6fa-4155-ba85-f98f491d4f33}", "protocol": "MTP/PTP", "is_phone": true, "manufacturer": "Unknown", "transfer_type": "MTP_FILE_TRANSFER"}}
2025-07-09 09:12:01,114 - INFO - Event sent to Splunk successfully
2025-07-09 09:12:01,117 - INFO - MTP file transfer detected on ##?#USB#VID_04E8&PID_6860&MS_COMP_MTP&SAMSUNG_Android#6&c70e816&2&0000#{6ac27878-a6fa-4155-ba85-f98f491d4f33}
2025-07-09 09:12:54,337 - INFO - USB Event: {"timestamp": "2025-07-09T09:12:54.337876", "event_type": "mtp_file_transfer", "threat_level": "MEDIUM", "details": {}, "system_info": {"hostname": "LAPTOP-9N62H7OO", "user": "aayus"}, "event_data": {"device_id": "REG_VID_04E8&PID_6860&MS_COMP_MTP&SAMSUNG_Android", "device_name": "VID_04E8&PID_6860&MS_COMP_MTP&SAMSUNG_Android", "protocol": "MTP/PTP", "is_phone": true, "manufacturer": "Unknown", "transfer_type": "MTP_FILE_TRANSFER"}}
2025-07-09 09:12:56,465 - INFO - Event sent to Splunk successfully
2025-07-09 09:12:56,468 - INFO - MTP file transfer detected on VID_04E8&PID_6860&MS_COMP_MTP&SAMSUNG_Android
2025-07-09 09:12:57,131 - INFO - USB Event: {"timestamp": "2025-07-09T09:12:57.131274", "event_type": "mtp_file_transfer", "threat_level": "MEDIUM", "details": {}, "system_info": {"hostname": "LAPTOP-9N62H7OO", "user": "aayus"}, "event_data": {"device_id": "REG_##?#USB#VID_04E8&PID_6860&MS_COMP_MTP&SAMSUNG_Android#6&c70e816&2&0000#{6ac27878-a6fa-4155-ba85-f98f491d4f33}", "device_name": "##?#USB#VID_04E8&PID_6860&MS_COMP_MTP&SAMSUNG_Android#6&c70e816&2&0000#{6ac27878-a6fa-4155-ba85-f98f491d4f33}", "protocol": "MTP/PTP", "is_phone": true, "manufacturer": "Unknown", "transfer_type": "MTP_FILE_TRANSFER"}}
2025-07-09 09:12:59,222 - INFO - Event sent to Splunk successfully
2025-07-09 09:12:59,223 - INFO - MTP file transfer detected on ##?#USB#VID_04E8&PID_6860&MS_COMP_MTP&SAMSUNG_Android#6&c70e816&2&0000#{6ac27878-a6fa-4155-ba85-f98f491d4f33}
2025-07-09 09:14:05,365 - INFO - USB Event: {"timestamp": "2025-07-09T09:14:05.365817", "event_type": "mtp_file_transfer", "threat_level": "MEDIUM", "details": {}, "system_info": {"hostname": "LAPTOP-9N62H7OO", "user": "aayus"}, "event_data": {"device_id": "REG_VID_04E8&PID_6860&MS_COMP_MTP&SAMSUNG_Android", "device_name": "VID_04E8&PID_6860&MS_COMP_MTP&SAMSUNG_Android", "protocol": "MTP/PTP", "is_phone": true, "manufacturer": "Unknown", "transfer_type": "MTP_FILE_TRANSFER"}}
2025-07-09 09:14:07,493 - INFO - Event sent to Splunk successfully
2025-07-09 09:14:07,495 - INFO - MTP file transfer detected on VID_04E8&PID_6860&MS_COMP_MTP&SAMSUNG_Android
2025-07-09 09:14:07,990 - INFO - USB Event: {"timestamp": "2025-07-09T09:14:07.990023", "event_type": "mtp_file_transfer", "threat_level": "MEDIUM", "details": {}, "system_info": {"hostname": "LAPTOP-9N62H7OO", "user": "aayus"}, "event_data": {"device_id": "REG_##?#USB#VID_04E8&PID_6860&MS_COMP_MTP&SAMSUNG_Android#6&c70e816&2&0000#{6ac27878-a6fa-4155-ba85-f98f491d4f33}", "device_name": "##?#USB#VID_04E8&PID_6860&MS_COMP_MTP&SAMSUNG_Android#6&c70e816&2&0000#{6ac27878-a6fa-4155-ba85-f98f491d4f33}", "protocol": "MTP/PTP", "is_phone": true, "manufacturer": "Unknown", "transfer_type": "MTP_FILE_TRANSFER"}}
2025-07-09 09:14:10,096 - INFO - Event sent to Splunk successfully
2025-07-09 09:14:10,098 - INFO - MTP file transfer detected on ##?#USB#VID_04E8&PID_6860&MS_COMP_MTP&SAMSUNG_Android#6&c70e816&2&0000#{6ac27878-a6fa-4155-ba85-f98f491d4f33}
2025-07-09 09:15:09,091 - INFO - USB Event: {"timestamp": "2025-07-09T09:15:09.091671", "event_type": "mtp_file_transfer", "threat_level": "MEDIUM", "details": {}, "system_info": {"hostname": "LAPTOP-9N62H7OO", "user": "aayus"}, "event_data": {"device_id": "REG_VID_04E8&PID_6860&MS_COMP_MTP&SAMSUNG_Android", "device_name": "VID_04E8&PID_6860&MS_COMP_MTP&SAMSUNG_Android", "protocol": "MTP/PTP", "is_phone": true, "manufacturer": "Unknown", "transfer_type": "MTP_FILE_TRANSFER"}}
2025-07-09 09:15:11,181 - INFO - Event sent to Splunk successfully
2025-07-09 09:15:11,183 - INFO - MTP file transfer detected on VID_04E8&PID_6860&MS_COMP_MTP&SAMSUNG_Android
2025-07-09 09:15:11,710 - INFO - USB Event: {"timestamp": "2025-07-09T09:15:11.709344", "event_type": "mtp_file_transfer", "threat_level": "MEDIUM", "details": {}, "system_info": {"hostname": "LAPTOP-9N62H7OO", "user": "aayus"}, "event_data": {"device_id": "REG_##?#USB#VID_04E8&PID_6860&MS_COMP_MTP&SAMSUNG_Android#6&c70e816&2&0000#{6ac27878-a6fa-4155-ba85-f98f491d4f33}", "device_name": "##?#USB#VID_04E8&PID_6860&MS_COMP_MTP&SAMSUNG_Android#6&c70e816&2&0000#{6ac27878-a6fa-4155-ba85-f98f491d4f33}", "protocol": "MTP/PTP", "is_phone": true, "manufacturer": "Unknown", "transfer_type": "MTP_FILE_TRANSFER"}}
2025-07-09 09:15:13,795 - INFO - Event sent to Splunk successfully
2025-07-09 09:15:13,798 - INFO - MTP file transfer detected on ##?#USB#VID_04E8&PID_6860&MS_COMP_MTP&SAMSUNG_Android#6&c70e816&2&0000#{6ac27878-a6fa-4155-ba85-f98f491d4f33}
2025-07-09 09:16:11,537 - INFO - USB Event: {"timestamp": "2025-07-09T09:16:11.537938", "event_type": "mtp_file_transfer", "threat_level": "MEDIUM", "details": {}, "system_info": {"hostname": "LAPTOP-9N62H7OO", "user": "aayus"}, "event_data": {"device_id": "REG_VID_04E8&PID_6860&MS_COMP_MTP&SAMSUNG_Android", "device_name": "VID_04E8&PID_6860&MS_COMP_MTP&SAMSUNG_Android", "protocol": "MTP/PTP", "is_phone": true, "manufacturer": "Unknown", "transfer_type": "MTP_FILE_TRANSFER"}}
2025-07-09 09:16:13,618 - INFO - Event sent to Splunk successfully
2025-07-09 09:16:13,622 - INFO - MTP file transfer detected on VID_04E8&PID_6860&MS_COMP_MTP&SAMSUNG_Android
2025-07-09 09:16:14,214 - INFO - USB Event: {"timestamp": "2025-07-09T09:16:14.214639", "event_type": "mtp_file_transfer", "threat_level": "MEDIUM", "details": {}, "system_info": {"hostname": "LAPTOP-9N62H7OO", "user": "aayus"}, "event_data": {"device_id": "REG_##?#USB#VID_04E8&PID_6860&MS_COMP_MTP&SAMSUNG_Android#6&c70e816&2&0000#{6ac27878-a6fa-4155-ba85-f98f491d4f33}", "device_name": "##?#USB#VID_04E8&PID_6860&MS_COMP_MTP&SAMSUNG_Android#6&c70e816&2&0000#{6ac27878-a6fa-4155-ba85-f98f491d4f33}", "protocol": "MTP/PTP", "is_phone": true, "manufacturer": "Unknown", "transfer_type": "MTP_FILE_TRANSFER"}}
2025-07-09 09:16:16,291 - INFO - Event sent to Splunk successfully
2025-07-09 09:16:16,293 - INFO - MTP file transfer detected on ##?#USB#VID_04E8&PID_6860&MS_COMP_MTP&SAMSUNG_Android#6&c70e816&2&0000#{6ac27878-a6fa-4155-ba85-f98f491d4f33}
2025-07-09 09:17:16,016 - INFO - USB Event: {"timestamp": "2025-07-09T09:17:16.016595", "event_type": "mtp_file_transfer", "threat_level": "MEDIUM", "details": {}, "system_info": {"hostname": "LAPTOP-9N62H7OO", "user": "aayus"}, "event_data": {"device_id": "REG_VID_04E8&PID_6860&MS_COMP_MTP&SAMSUNG_Android", "device_name": "VID_04E8&PID_6860&MS_COMP_MTP&SAMSUNG_Android", "protocol": "MTP/PTP", "is_phone": true, "manufacturer": "Unknown", "transfer_type": "MTP_FILE_TRANSFER"}}
2025-07-09 09:17:18,139 - INFO - Event sent to Splunk successfully
2025-07-09 09:17:18,141 - INFO - MTP file transfer detected on VID_04E8&PID_6860&MS_COMP_MTP&SAMSUNG_Android
2025-07-09 09:17:18,771 - INFO - USB Event: {"timestamp": "2025-07-09T09:17:18.771072", "event_type": "mtp_file_transfer", "threat_level": "MEDIUM", "details": {}, "system_info": {"hostname": "LAPTOP-9N62H7OO", "user": "aayus"}, "event_data": {"device_id": "REG_##?#USB#VID_04E8&PID_6860&MS_COMP_MTP&SAMSUNG_Android#6&c70e816&2&0000#{6ac27878-a6fa-4155-ba85-f98f491d4f33}", "device_name": "##?#USB#VID_04E8&PID_6860&MS_COMP_MTP&SAMSUNG_Android#6&c70e816&2&0000#{6ac27878-a6fa-4155-ba85-f98f491d4f33}", "protocol": "MTP/PTP", "is_phone": true, "manufacturer": "Unknown", "transfer_type": "MTP_FILE_TRANSFER"}}
2025-07-09 09:17:20,881 - INFO - Event sent to Splunk successfully
2025-07-09 09:17:20,884 - INFO - MTP file transfer detected on ##?#USB#VID_04E8&PID_6860&MS_COMP_MTP&SAMSUNG_Android#6&c70e816&2&0000#{6ac27878-a6fa-4155-ba85-f98f491d4f33}
2025-07-09 09:18:20,882 - INFO - USB Event: {"timestamp": "2025-07-09T09:18:20.882821", "event_type": "mtp_file_transfer", "threat_level": "MEDIUM", "details": {}, "system_info": {"hostname": "LAPTOP-9N62H7OO", "user": "aayus"}, "event_data": {"device_id": "REG_VID_04E8&PID_6860&MS_COMP_MTP&SAMSUNG_Android", "device_name": "VID_04E8&PID_6860&MS_COMP_MTP&SAMSUNG_Android", "protocol": "MTP/PTP", "is_phone": true, "manufacturer": "Unknown", "transfer_type": "MTP_FILE_TRANSFER"}}
2025-07-09 09:18:22,968 - INFO - Event sent to Splunk successfully
2025-07-09 09:18:22,989 - INFO - MTP file transfer detected on VID_04E8&PID_6860&MS_COMP_MTP&SAMSUNG_Android
2025-07-09 09:18:23,473 - INFO - USB Event: {"timestamp": "2025-07-09T09:18:23.472005", "event_type": "mtp_file_transfer", "threat_level": "MEDIUM", "details": {}, "system_info": {"hostname": "LAPTOP-9N62H7OO", "user": "aayus"}, "event_data": {"device_id": "REG_##?#USB#VID_04E8&PID_6860&MS_COMP_MTP&SAMSUNG_Android#6&c70e816&2&0000#{6ac27878-a6fa-4155-ba85-f98f491d4f33}", "device_name": "##?#USB#VID_04E8&PID_6860&MS_COMP_MTP&SAMSUNG_Android#6&c70e816&2&0000#{6ac27878-a6fa-4155-ba85-f98f491d4f33}", "protocol": "MTP/PTP", "is_phone": true, "manufacturer": "Unknown", "transfer_type": "MTP_FILE_TRANSFER"}}
2025-07-09 09:18:25,574 - INFO - Event sent to Splunk successfully
2025-07-09 09:18:25,577 - INFO - MTP file transfer detected on ##?#USB#VID_04E8&PID_6860&MS_COMP_MTP&SAMSUNG_Android#6&c70e816&2&0000#{6ac27878-a6fa-4155-ba85-f98f491d4f33}
2025-07-09 09:19:20,024 - INFO - USB Event: {"timestamp": "2025-07-09T09:19:20.024727", "event_type": "mtp_file_transfer", "threat_level": "MEDIUM", "details": {}, "system_info": {"hostname": "LAPTOP-9N62H7OO", "user": "aayus"}, "event_data": {"device_id": "REG_VID_04E8&PID_6860&MS_COMP_MTP&SAMSUNG_Android", "device_name": "VID_04E8&PID_6860&MS_COMP_MTP&SAMSUNG_Android", "protocol": "MTP/PTP", "is_phone": true, "manufacturer": "Unknown", "transfer_type": "MTP_FILE_TRANSFER"}}
2025-07-09 09:19:22,126 - INFO - Event sent to Splunk successfully
2025-07-09 09:19:22,128 - INFO - MTP file transfer detected on VID_04E8&PID_6860&MS_COMP_MTP&SAMSUNG_Android
2025-07-09 09:19:22,706 - INFO - USB Event: {"timestamp": "2025-07-09T09:19:22.706244", "event_type": "mtp_file_transfer", "threat_level": "MEDIUM", "details": {}, "system_info": {"hostname": "LAPTOP-9N62H7OO", "user": "aayus"}, "event_data": {"device_id": "REG_##?#USB#VID_04E8&PID_6860&MS_COMP_MTP&SAMSUNG_Android#6&c70e816&2&0000#{6ac27878-a6fa-4155-ba85-f98f491d4f33}", "device_name": "##?#USB#VID_04E8&PID_6860&MS_COMP_MTP&SAMSUNG_Android#6&c70e816&2&0000#{6ac27878-a6fa-4155-ba85-f98f491d4f33}", "protocol": "MTP/PTP", "is_phone": true, "manufacturer": "Unknown", "transfer_type": "MTP_FILE_TRANSFER"}}
2025-07-09 09:19:24,773 - INFO - Event sent to Splunk successfully
2025-07-09 09:19:24,774 - INFO - MTP file transfer detected on ##?#USB#VID_04E8&PID_6860&MS_COMP_MTP&SAMSUNG_Android#6&c70e816&2&0000#{6ac27878-a6fa-4155-ba85-f98f491d4f33}
2025-07-09 09:20:15,255 - INFO - USB Event: {"timestamp": "2025-07-09T09:20:15.255157", "event_type": "mtp_file_transfer", "threat_level": "MEDIUM", "details": {}, "system_info": {"hostname": "LAPTOP-9N62H7OO", "user": "aayus"}, "event_data": {"device_id": "REG_VID_04E8&PID_6860&MS_COMP_MTP&SAMSUNG_Android", "device_name": "VID_04E8&PID_6860&MS_COMP_MTP&SAMSUNG_Android", "protocol": "MTP/PTP", "is_phone": true, "manufacturer": "Unknown", "transfer_type": "MTP_FILE_TRANSFER"}}
2025-07-09 09:20:17,350 - INFO - Event sent to Splunk successfully
2025-07-09 09:20:17,351 - INFO - MTP file transfer detected on VID_04E8&PID_6860&MS_COMP_MTP&SAMSUNG_Android
2025-07-09 09:20:17,920 - INFO - USB Event: {"timestamp": "2025-07-09T09:20:17.920277", "event_type": "mtp_file_transfer", "threat_level": "MEDIUM", "details": {}, "system_info": {"hostname": "LAPTOP-9N62H7OO", "user": "aayus"}, "event_data": {"device_id": "REG_##?#USB#VID_04E8&PID_6860&MS_COMP_MTP&SAMSUNG_Android#6&c70e816&2&0000#{6ac27878-a6fa-4155-ba85-f98f491d4f33}", "device_name": "##?#USB#VID_04E8&PID_6860&MS_COMP_MTP&SAMSUNG_Android#6&c70e816&2&0000#{6ac27878-a6fa-4155-ba85-f98f491d4f33}", "protocol": "MTP/PTP", "is_phone": true, "manufacturer": "Unknown", "transfer_type": "MTP_FILE_TRANSFER"}}
2025-07-09 09:20:20,030 - INFO - Event sent to Splunk successfully
2025-07-09 09:20:20,039 - INFO - MTP file transfer detected on ##?#USB#VID_04E8&PID_6860&MS_COMP_MTP&SAMSUNG_Android#6&c70e816&2&0000#{6ac27878-a6fa-4155-ba85-f98f491d4f33}
2025-07-09 09:20:47,949 - INFO - USB Event: {"timestamp": "2025-07-09T09:20:47.949820", "event_type": "mtp_file_transfer", "threat_level": "MEDIUM", "details": {}, "system_info": {"hostname": "LAPTOP-9N62H7OO", "user": "aayus"}, "event_data": {"device_id": "REG_VID_04E8&PID_6860&MS_COMP_MTP&SAMSUNG_Android", "device_name": "VID_04E8&PID_6860&MS_COMP_MTP&SAMSUNG_Android", "protocol": "MTP/PTP", "is_phone": true, "manufacturer": "Unknown", "transfer_type": "MTP_FILE_TRANSFER"}}
2025-07-09 09:20:50,007 - INFO - Event sent to Splunk successfully
2025-07-09 09:20:50,008 - INFO - MTP file transfer detected on VID_04E8&PID_6860&MS_COMP_MTP&SAMSUNG_Android
2025-07-09 09:20:50,307 - INFO - USB Event: {"timestamp": "2025-07-09T09:20:50.307047", "event_type": "mtp_file_transfer", "threat_level": "MEDIUM", "details": {}, "system_info": {"hostname": "LAPTOP-9N62H7OO", "user": "aayus"}, "event_data": {"device_id": "REG_##?#USB#VID_04E8&PID_6860&MS_COMP_MTP&SAMSUNG_Android#6&c70e816&2&0000#{6ac27878-a6fa-4155-ba85-f98f491d4f33}", "device_name": "##?#USB#VID_04E8&PID_6860&MS_COMP_MTP&SAMSUNG_Android#6&c70e816&2&0000#{6ac27878-a6fa-4155-ba85-f98f491d4f33}", "protocol": "MTP/PTP", "is_phone": true, "manufacturer": "Unknown", "transfer_type": "MTP_FILE_TRANSFER"}}
2025-07-09 09:20:52,382 - INFO - Event sent to Splunk successfully
2025-07-09 09:20:52,384 - INFO - MTP file transfer detected on ##?#USB#VID_04E8&PID_6860&MS_COMP_MTP&SAMSUNG_Android#6&c70e816&2&0000#{6ac27878-a6fa-4155-ba85-f98f491d4f33}
2025-07-09 09:21:35,052 - INFO - Found MTP/Phone device: SAMSUNG Mobile USB Modem
2025-07-09 09:21:35,249 - INFO - Found MTP/Phone device: SAMSUNG Mobile USB Composite Device 
2025-07-09 09:21:35,922 - INFO - USB Event: {"timestamp": "2025-07-09T09:21:35.922932", "event_type": "usb_device_connected", "threat_level": "MEDIUM", "details": {}, "system_info": {"hostname": "LAPTOP-9N62H7OO", "user": "aayus"}, "event_data": {"device_type": "Mobile_Device", "protocol": "MTP/PTP", "is_phone": true, "connection_time": "2025-07-09T09:21:35.922932", "manufacturer": "SAMSUNG Electronics Co., Ltd. ", "device_name": "SAMSUNG Mobile USB Modem"}}
2025-07-09 09:21:38,010 - INFO - Event sent to Splunk successfully
2025-07-09 09:21:39,056 - INFO - Device connected: SAMSUNG Mobile USB Modem (Protocol: MTP/PTP)
2025-07-09 09:21:39,058 - INFO - USB Event: {"timestamp": "2025-07-09T09:21:39.058220", "event_type": "usb_device_connected", "threat_level": "MEDIUM", "details": {}, "system_info": {"hostname": "LAPTOP-9N62H7OO", "user": "aayus"}, "event_data": {"device_type": "Mobile_Device", "protocol": "MTP/PTP", "is_phone": true, "connection_time": "2025-07-09T09:21:39.058220", "manufacturer": "SAMSUNG Electronics Co., Ltd. ", "device_name": "SAMSUNG Mobile USB Composite Device "}}
2025-07-09 09:21:41,127 - INFO - Event sent to Splunk successfully
2025-07-09 09:21:42,157 - INFO - Device connected: SAMSUNG Mobile USB Composite Device  (Protocol: MTP/PTP)
2025-07-09 09:21:43,015 - INFO - USB Event: {"timestamp": "2025-07-09T09:21:43.015358", "event_type": "mtp_file_transfer", "threat_level": "MEDIUM", "details": {}, "system_info": {"hostname": "LAPTOP-9N62H7OO", "user": "aayus"}, "event_data": {"device_id": "REG_VID_04E8&PID_6860&MS_COMP_MTP&SAMSUNG_Android", "device_name": "VID_04E8&PID_6860&MS_COMP_MTP&SAMSUNG_Android", "protocol": "MTP/PTP", "is_phone": true, "manufacturer": "Unknown", "transfer_type": "MTP_FILE_TRANSFER"}}
2025-07-09 09:21:45,119 - INFO - Event sent to Splunk successfully
2025-07-09 09:21:45,121 - INFO - MTP file transfer detected on VID_04E8&PID_6860&MS_COMP_MTP&SAMSUNG_Android
2025-07-09 09:21:45,468 - INFO - USB Event: {"timestamp": "2025-07-09T09:21:45.468308", "event_type": "mtp_file_transfer", "threat_level": "MEDIUM", "details": {}, "system_info": {"hostname": "LAPTOP-9N62H7OO", "user": "aayus"}, "event_data": {"device_id": "REG_##?#USB#VID_04E8&PID_6860&MS_COMP_MTP&SAMSUNG_Android#6&c70e816&2&0000#{6ac27878-a6fa-4155-ba85-f98f491d4f33}", "device_name": "##?#USB#VID_04E8&PID_6860&MS_COMP_MTP&SAMSUNG_Android#6&c70e816&2&0000#{6ac27878-a6fa-4155-ba85-f98f491d4f33}", "protocol": "MTP/PTP", "is_phone": true, "manufacturer": "Unknown", "transfer_type": "MTP_FILE_TRANSFER"}}
2025-07-09 09:21:47,562 - INFO - Event sent to Splunk successfully
2025-07-09 09:21:47,564 - INFO - MTP file transfer detected on ##?#USB#VID_04E8&PID_6860&MS_COMP_MTP&SAMSUNG_Android#6&c70e816&2&0000#{6ac27878-a6fa-4155-ba85-f98f491d4f33}
2025-07-09 09:21:56,343 - INFO - Found MTP/Phone device: SAMSUNG Mobile USB Modem
2025-07-09 09:21:56,539 - INFO - Found MTP/Phone device: SAMSUNG Mobile USB Composite Device 
2025-07-09 09:22:03,860 - INFO - Found MTP/Phone device: SAMSUNG Mobile USB Modem
2025-07-09 09:22:03,935 - INFO - Found MTP/Phone device: SAMSUNG Mobile USB Composite Device 
2025-07-09 09:22:09,621 - INFO - Found MTP/Phone device: SAMSUNG Mobile USB Modem
2025-07-09 09:22:09,770 - INFO - Found MTP/Phone device: SAMSUNG Mobile USB Composite Device 
2025-07-09 09:22:18,705 - INFO - Found MTP/Phone device: SAMSUNG Mobile USB Modem
2025-07-09 09:22:18,947 - INFO - Found MTP/Phone device: SAMSUNG Mobile USB Composite Device 
2025-07-09 09:22:27,560 - INFO - Found MTP/Phone device: SAMSUNG Mobile USB Modem
2025-07-09 09:22:27,636 - INFO - Found MTP/Phone device: SAMSUNG Mobile USB Composite Device 
2025-07-09 09:22:28,221 - INFO - USB Event: {"timestamp": "2025-07-09T09:22:28.221428", "event_type": "mtp_file_transfer", "threat_level": "MEDIUM", "details": {}, "system_info": {"hostname": "LAPTOP-9N62H7OO", "user": "aayus"}, "event_data": {"device_id": "USB\\VID_04E8&PID_6860&MODEM\\6&C70E816&2&0001", "device_name": "SAMSUNG Mobile USB Modem", "protocol": "MTP/PTP", "is_phone": true, "manufacturer": "SAMSUNG Electronics Co., Ltd. ", "transfer_type": "MTP_FILE_TRANSFER"}}
2025-07-09 09:22:30,282 - INFO - Event sent to Splunk successfully
2025-07-09 09:22:30,283 - INFO - MTP file transfer detected on SAMSUNG Mobile USB Modem
2025-07-09 09:22:30,736 - INFO - USB Event: {"timestamp": "2025-07-09T09:22:30.736651", "event_type": "mtp_file_transfer", "threat_level": "MEDIUM", "details": {}, "system_info": {"hostname": "LAPTOP-9N62H7OO", "user": "aayus"}, "event_data": {"device_id": "USB\\VID_04E8&PID_6860\\RZ8M7150M7L", "device_name": "SAMSUNG Mobile USB Composite Device ", "protocol": "MTP/PTP", "is_phone": true, "manufacturer": "SAMSUNG Electronics Co., Ltd. ", "transfer_type": "MTP_FILE_TRANSFER"}}
2025-07-09 09:22:32,822 - INFO - Event sent to Splunk successfully
2025-07-09 09:22:32,824 - INFO - MTP file transfer detected on SAMSUNG Mobile USB Composite Device 
2025-07-09 09:22:40,601 - INFO - Found MTP/Phone device: SAMSUNG Mobile USB Modem
2025-07-09 09:22:40,800 - INFO - Found MTP/Phone device: SAMSUNG Mobile USB Composite Device 
2025-07-09 09:22:42,514 - INFO - USB Event: {"timestamp": "2025-07-09T09:22:42.514845", "event_type": "mtp_file_transfer", "threat_level": "MEDIUM", "details": {}, "system_info": {"hostname": "LAPTOP-9N62H7OO", "user": "aayus"}, "event_data": {"device_id": "REG_VID_04E8&PID_6860&MS_COMP_MTP&SAMSUNG_Android", "device_name": "VID_04E8&PID_6860&MS_COMP_MTP&SAMSUNG_Android", "protocol": "MTP/PTP", "is_phone": true, "manufacturer": "Unknown", "transfer_type": "MTP_FILE_TRANSFER"}}
2025-07-09 09:22:44,606 - INFO - Event sent to Splunk successfully
2025-07-09 09:22:44,606 - INFO - MTP file transfer detected on VID_04E8&PID_6860&MS_COMP_MTP&SAMSUNG_Android
2025-07-09 09:22:44,941 - INFO - USB Event: {"timestamp": "2025-07-09T09:22:44.941549", "event_type": "mtp_file_transfer", "threat_level": "MEDIUM", "details": {}, "system_info": {"hostname": "LAPTOP-9N62H7OO", "user": "aayus"}, "event_data": {"device_id": "REG_##?#USB#VID_04E8&PID_6860&MS_COMP_MTP&SAMSUNG_Android#6&c70e816&2&0000#{6ac27878-a6fa-4155-ba85-f98f491d4f33}", "device_name": "##?#USB#VID_04E8&PID_6860&MS_COMP_MTP&SAMSUNG_Android#6&c70e816&2&0000#{6ac27878-a6fa-4155-ba85-f98f491d4f33}", "protocol": "MTP/PTP", "is_phone": true, "manufacturer": "Unknown", "transfer_type": "MTP_FILE_TRANSFER"}}
2025-07-09 09:22:47,014 - INFO - Event sent to Splunk successfully
2025-07-09 09:22:47,015 - INFO - MTP file transfer detected on ##?#USB#VID_04E8&PID_6860&MS_COMP_MTP&SAMSUNG_Android#6&c70e816&2&0000#{6ac27878-a6fa-4155-ba85-f98f491d4f33}
2025-07-09 09:22:55,369 - INFO - USB Event: {"timestamp": "2025-07-09T09:22:55.369606", "event_type": "usb_device_disconnected", "threat_level": "INFO", "details": {}, "system_info": {"hostname": "LAPTOP-9N62H7OO", "user": "aayus"}, "event_data": {"device_id": "USB\\VID_04E8&PID_6860&MODEM\\6&C70E816&2&0001", "was_phone": true, "protocol": "MTP/PTP"}}
2025-07-09 09:22:57,446 - INFO - Event sent to Splunk successfully
2025-07-09 09:22:57,447 - INFO - Device disconnected: USB\VID_04E8&PID_6860&MODEM\6&C70E816&2&0001
2025-07-09 09:22:57,448 - INFO - USB Event: {"timestamp": "2025-07-09T09:22:57.447203", "event_type": "usb_device_disconnected", "threat_level": "INFO", "details": {}, "system_info": {"hostname": "LAPTOP-9N62H7OO", "user": "aayus"}, "event_data": {"device_id": "USB\\VID_04E8&PID_6860\\RZ8M7150M7L", "was_phone": true, "protocol": "MTP/PTP"}}
2025-07-09 09:22:59,527 - INFO - Event sent to Splunk successfully
2025-07-09 09:22:59,528 - INFO - Device disconnected: USB\VID_04E8&PID_6860\RZ8M7150M7L
2025-07-09 09:23:40,252 - INFO - USB Event: {"timestamp": "2025-07-09T09:23:40.252193", "event_type": "mtp_file_transfer", "threat_level": "MEDIUM", "details": {}, "system_info": {"hostname": "LAPTOP-9N62H7OO", "user": "aayus"}, "event_data": {"device_id": "REG_VID_04E8&PID_6860&MS_COMP_MTP&SAMSUNG_Android", "device_name": "VID_04E8&PID_6860&MS_COMP_MTP&SAMSUNG_Android", "protocol": "MTP/PTP", "is_phone": true, "manufacturer": "Unknown", "transfer_type": "MTP_FILE_TRANSFER"}}
2025-07-09 09:23:42,329 - INFO - Event sent to Splunk successfully
2025-07-09 09:23:42,332 - INFO - MTP file transfer detected on VID_04E8&PID_6860&MS_COMP_MTP&SAMSUNG_Android
2025-07-09 09:23:42,585 - INFO - USB Event: {"timestamp": "2025-07-09T09:23:42.585250", "event_type": "mtp_file_transfer", "threat_level": "MEDIUM", "details": {}, "system_info": {"hostname": "LAPTOP-9N62H7OO", "user": "aayus"}, "event_data": {"device_id": "REG_##?#USB#VID_04E8&PID_6860&MS_COMP_MTP&SAMSUNG_Android#6&c70e816&2&0000#{6ac27878-a6fa-4155-ba85-f98f491d4f33}", "device_name": "##?#USB#VID_04E8&PID_6860&MS_COMP_MTP&SAMSUNG_Android#6&c70e816&2&0000#{6ac27878-a6fa-4155-ba85-f98f491d4f33}", "protocol": "MTP/PTP", "is_phone": true, "manufacturer": "Unknown", "transfer_type": "MTP_FILE_TRANSFER"}}
2025-07-09 09:23:44,677 - INFO - Event sent to Splunk successfully
2025-07-09 09:23:44,679 - INFO - MTP file transfer detected on ##?#USB#VID_04E8&PID_6860&MS_COMP_MTP&SAMSUNG_Android#6&c70e816&2&0000#{6ac27878-a6fa-4155-ba85-f98f491d4f33}
2025-07-09 09:24:26,490 - INFO - USB Event: {"timestamp": "2025-07-09T09:24:26.490823", "event_type": "mtp_file_transfer", "threat_level": "MEDIUM", "details": {}, "system_info": {"hostname": "LAPTOP-9N62H7OO", "user": "aayus"}, "event_data": {"device_id": "REG_VID_04E8&PID_6860&MS_COMP_MTP&SAMSUNG_Android", "device_name": "VID_04E8&PID_6860&MS_COMP_MTP&SAMSUNG_Android", "protocol": "MTP/PTP", "is_phone": true, "manufacturer": "Unknown", "transfer_type": "MTP_FILE_TRANSFER"}}
2025-07-09 09:24:28,563 - INFO - Event sent to Splunk successfully
2025-07-09 09:24:28,564 - INFO - MTP file transfer detected on VID_04E8&PID_6860&MS_COMP_MTP&SAMSUNG_Android
2025-07-09 09:24:28,930 - INFO - USB Event: {"timestamp": "2025-07-09T09:24:28.930786", "event_type": "mtp_file_transfer", "threat_level": "MEDIUM", "details": {}, "system_info": {"hostname": "LAPTOP-9N62H7OO", "user": "aayus"}, "event_data": {"device_id": "REG_##?#USB#VID_04E8&PID_6860&MS_COMP_MTP&SAMSUNG_Android#6&c70e816&2&0000#{6ac27878-a6fa-4155-ba85-f98f491d4f33}", "device_name": "##?#USB#VID_04E8&PID_6860&MS_COMP_MTP&SAMSUNG_Android#6&c70e816&2&0000#{6ac27878-a6fa-4155-ba85-f98f491d4f33}", "protocol": "MTP/PTP", "is_phone": true, "manufacturer": "Unknown", "transfer_type": "MTP_FILE_TRANSFER"}}
2025-07-09 09:24:30,999 - INFO - Event sent to Splunk successfully
2025-07-09 09:24:31,000 - INFO - MTP file transfer detected on ##?#USB#VID_04E8&PID_6860&MS_COMP_MTP&SAMSUNG_Android#6&c70e816&2&0000#{6ac27878-a6fa-4155-ba85-f98f491d4f33}
2025-07-09 09:25:17,799 - INFO - USB Event: {"timestamp": "2025-07-09T09:25:17.799218", "event_type": "mtp_file_transfer", "threat_level": "MEDIUM", "details": {}, "system_info": {"hostname": "LAPTOP-9N62H7OO", "user": "aayus"}, "event_data": {"device_id": "REG_VID_04E8&PID_6860&MS_COMP_MTP&SAMSUNG_Android", "device_name": "VID_04E8&PID_6860&MS_COMP_MTP&SAMSUNG_Android", "protocol": "MTP/PTP", "is_phone": true, "manufacturer": "Unknown", "transfer_type": "MTP_FILE_TRANSFER"}}
2025-07-09 09:25:19,869 - INFO - Event sent to Splunk successfully
2025-07-09 09:25:19,870 - INFO - MTP file transfer detected on VID_04E8&PID_6860&MS_COMP_MTP&SAMSUNG_Android
2025-07-09 09:25:20,340 - INFO - USB Event: {"timestamp": "2025-07-09T09:25:20.339892", "event_type": "mtp_file_transfer", "threat_level": "MEDIUM", "details": {}, "system_info": {"hostname": "LAPTOP-9N62H7OO", "user": "aayus"}, "event_data": {"device_id": "REG_##?#USB#VID_04E8&PID_6860&MS_COMP_MTP&SAMSUNG_Android#6&c70e816&2&0000#{6ac27878-a6fa-4155-ba85-f98f491d4f33}", "device_name": "##?#USB#VID_04E8&PID_6860&MS_COMP_MTP&SAMSUNG_Android#6&c70e816&2&0000#{6ac27878-a6fa-4155-ba85-f98f491d4f33}", "protocol": "MTP/PTP", "is_phone": true, "manufacturer": "Unknown", "transfer_type": "MTP_FILE_TRANSFER"}}
2025-07-09 09:25:22,406 - INFO - Event sent to Splunk successfully
2025-07-09 09:25:22,407 - INFO - MTP file transfer detected on ##?#USB#VID_04E8&PID_6860&MS_COMP_MTP&SAMSUNG_Android#6&c70e816&2&0000#{6ac27878-a6fa-4155-ba85-f98f491d4f33}
2025-07-09 09:26:01,176 - INFO - USB Event: {"timestamp": "2025-07-09T09:26:01.176245", "event_type": "mtp_file_transfer", "threat_level": "MEDIUM", "details": {}, "system_info": {"hostname": "LAPTOP-9N62H7OO", "user": "aayus"}, "event_data": {"device_id": "REG_VID_04E8&PID_6860&MS_COMP_MTP&SAMSUNG_Android", "device_name": "VID_04E8&PID_6860&MS_COMP_MTP&SAMSUNG_Android", "protocol": "MTP/PTP", "is_phone": true, "manufacturer": "Unknown", "transfer_type": "MTP_FILE_TRANSFER"}}
2025-07-09 09:26:03,240 - INFO - Event sent to Splunk successfully
2025-07-09 09:26:03,241 - INFO - MTP file transfer detected on VID_04E8&PID_6860&MS_COMP_MTP&SAMSUNG_Android
2025-07-09 09:26:03,617 - INFO - USB Event: {"timestamp": "2025-07-09T09:26:03.617611", "event_type": "mtp_file_transfer", "threat_level": "MEDIUM", "details": {}, "system_info": {"hostname": "LAPTOP-9N62H7OO", "user": "aayus"}, "event_data": {"device_id": "REG_##?#USB#VID_04E8&PID_6860&MS_COMP_MTP&SAMSUNG_Android#6&c70e816&2&0000#{6ac27878-a6fa-4155-ba85-f98f491d4f33}", "device_name": "##?#USB#VID_04E8&PID_6860&MS_COMP_MTP&SAMSUNG_Android#6&c70e816&2&0000#{6ac27878-a6fa-4155-ba85-f98f491d4f33}", "protocol": "MTP/PTP", "is_phone": true, "manufacturer": "Unknown", "transfer_type": "MTP_FILE_TRANSFER"}}
2025-07-09 09:26:05,681 - INFO - Event sent to Splunk successfully
2025-07-09 09:26:05,683 - INFO - MTP file transfer detected on ##?#USB#VID_04E8&PID_6860&MS_COMP_MTP&SAMSUNG_Android#6&c70e816&2&0000#{6ac27878-a6fa-4155-ba85-f98f491d4f33}
2025-07-09 09:26:39,994 - INFO - USB Event: {"timestamp": "2025-07-09T09:26:39.994975", "event_type": "mtp_file_transfer", "threat_level": "MEDIUM", "details": {}, "system_info": {"hostname": "LAPTOP-9N62H7OO", "user": "aayus"}, "event_data": {"device_id": "REG_VID_04E8&PID_6860&MS_COMP_MTP&SAMSUNG_Android", "device_name": "VID_04E8&PID_6860&MS_COMP_MTP&SAMSUNG_Android", "protocol": "MTP/PTP", "is_phone": true, "manufacturer": "Unknown", "transfer_type": "MTP_FILE_TRANSFER"}}
2025-07-09 09:26:42,083 - INFO - Event sent to Splunk successfully
2025-07-09 09:26:42,084 - INFO - MTP file transfer detected on VID_04E8&PID_6860&MS_COMP_MTP&SAMSUNG_Android
2025-07-09 09:26:42,621 - INFO - USB Event: {"timestamp": "2025-07-09T09:26:42.621849", "event_type": "mtp_file_transfer", "threat_level": "MEDIUM", "details": {}, "system_info": {"hostname": "LAPTOP-9N62H7OO", "user": "aayus"}, "event_data": {"device_id": "REG_##?#USB#VID_04E8&PID_6860&MS_COMP_MTP&SAMSUNG_Android#6&c70e816&2&0000#{6ac27878-a6fa-4155-ba85-f98f491d4f33}", "device_name": "##?#USB#VID_04E8&PID_6860&MS_COMP_MTP&SAMSUNG_Android#6&c70e816&2&0000#{6ac27878-a6fa-4155-ba85-f98f491d4f33}", "protocol": "MTP/PTP", "is_phone": true, "manufacturer": "Unknown", "transfer_type": "MTP_FILE_TRANSFER"}}
2025-07-09 09:26:44,748 - INFO - Event sent to Splunk successfully
2025-07-09 09:26:44,750 - INFO - MTP file transfer detected on ##?#USB#VID_04E8&PID_6860&MS_COMP_MTP&SAMSUNG_Android#6&c70e816&2&0000#{6ac27878-a6fa-4155-ba85-f98f491d4f33}
2025-07-09 09:27:29,067 - INFO - USB Event: {"timestamp": "2025-07-09T09:27:29.067240", "event_type": "mtp_file_transfer", "threat_level": "MEDIUM", "details": {}, "system_info": {"hostname": "LAPTOP-9N62H7OO", "user": "aayus"}, "event_data": {"device_id": "REG_VID_04E8&PID_6860&MS_COMP_MTP&SAMSUNG_Android", "device_name": "VID_04E8&PID_6860&MS_COMP_MTP&SAMSUNG_Android", "protocol": "MTP/PTP", "is_phone": true, "manufacturer": "Unknown", "transfer_type": "MTP_FILE_TRANSFER"}}
2025-07-09 09:27:31,145 - INFO - Event sent to Splunk successfully
2025-07-09 09:27:31,147 - INFO - MTP file transfer detected on VID_04E8&PID_6860&MS_COMP_MTP&SAMSUNG_Android
2025-07-09 09:27:31,460 - INFO - USB Event: {"timestamp": "2025-07-09T09:27:31.460393", "event_type": "mtp_file_transfer", "threat_level": "MEDIUM", "details": {}, "system_info": {"hostname": "LAPTOP-9N62H7OO", "user": "aayus"}, "event_data": {"device_id": "REG_##?#USB#VID_04E8&PID_6860&MS_COMP_MTP&SAMSUNG_Android#6&c70e816&2&0000#{6ac27878-a6fa-4155-ba85-f98f491d4f33}", "device_name": "##?#USB#VID_04E8&PID_6860&MS_COMP_MTP&SAMSUNG_Android#6&c70e816&2&0000#{6ac27878-a6fa-4155-ba85-f98f491d4f33}", "protocol": "MTP/PTP", "is_phone": true, "manufacturer": "Unknown", "transfer_type": "MTP_FILE_TRANSFER"}}
2025-07-09 09:27:33,529 - INFO - Event sent to Splunk successfully
2025-07-09 09:27:33,530 - INFO - MTP file transfer detected on ##?#USB#VID_04E8&PID_6860&MS_COMP_MTP&SAMSUNG_Android#6&c70e816&2&0000#{6ac27878-a6fa-4155-ba85-f98f491d4f33}
2025-07-09 09:28:02,953 - INFO - USB Event: {"timestamp": "2025-07-09T09:28:02.953022", "event_type": "mtp_file_transfer", "threat_level": "MEDIUM", "details": {}, "system_info": {"hostname": "LAPTOP-9N62H7OO", "user": "aayus"}, "event_data": {"device_id": "REG_VID_04E8&PID_6860&MS_COMP_MTP&SAMSUNG_Android", "device_name": "VID_04E8&PID_6860&MS_COMP_MTP&SAMSUNG_Android", "protocol": "MTP/PTP", "is_phone": true, "manufacturer": "Unknown", "transfer_type": "MTP_FILE_TRANSFER"}}
2025-07-09 09:28:05,000 - INFO - Event sent to Splunk successfully
2025-07-09 09:28:05,001 - INFO - MTP file transfer detected on VID_04E8&PID_6860&MS_COMP_MTP&SAMSUNG_Android
2025-07-09 09:28:05,239 - INFO - USB Event: {"timestamp": "2025-07-09T09:28:05.239081", "event_type": "mtp_file_transfer", "threat_level": "MEDIUM", "details": {}, "system_info": {"hostname": "LAPTOP-9N62H7OO", "user": "aayus"}, "event_data": {"device_id": "REG_##?#USB#VID_04E8&PID_6860&MS_COMP_MTP&SAMSUNG_Android#6&c70e816&2&0000#{6ac27878-a6fa-4155-ba85-f98f491d4f33}", "device_name": "##?#USB#VID_04E8&PID_6860&MS_COMP_MTP&SAMSUNG_Android#6&c70e816&2&0000#{6ac27878-a6fa-4155-ba85-f98f491d4f33}", "protocol": "MTP/PTP", "is_phone": true, "manufacturer": "Unknown", "transfer_type": "MTP_FILE_TRANSFER"}}
2025-07-09 09:28:07,288 - INFO - Event sent to Splunk successfully
2025-07-09 09:28:07,289 - INFO - MTP file transfer detected on ##?#USB#VID_04E8&PID_6860&MS_COMP_MTP&SAMSUNG_Android#6&c70e816&2&0000#{6ac27878-a6fa-4155-ba85-f98f491d4f33}
2025-07-09 09:28:50,896 - INFO - USB Event: {"timestamp": "2025-07-09T09:28:50.896583", "event_type": "mtp_file_transfer", "threat_level": "MEDIUM", "details": {}, "system_info": {"hostname": "LAPTOP-9N62H7OO", "user": "aayus"}, "event_data": {"device_id": "REG_VID_04E8&PID_6860&MS_COMP_MTP&SAMSUNG_Android", "device_name": "VID_04E8&PID_6860&MS_COMP_MTP&SAMSUNG_Android", "protocol": "MTP/PTP", "is_phone": true, "manufacturer": "Unknown", "transfer_type": "MTP_FILE_TRANSFER"}}
2025-07-09 09:28:52,999 - INFO - Event sent to Splunk successfully
2025-07-09 09:28:52,999 - INFO - MTP file transfer detected on VID_04E8&PID_6860&MS_COMP_MTP&SAMSUNG_Android
2025-07-09 09:28:53,260 - INFO - USB Event: {"timestamp": "2025-07-09T09:28:53.260242", "event_type": "mtp_file_transfer", "threat_level": "MEDIUM", "details": {}, "system_info": {"hostname": "LAPTOP-9N62H7OO", "user": "aayus"}, "event_data": {"device_id": "REG_##?#USB#VID_04E8&PID_6860&MS_COMP_MTP&SAMSUNG_Android#6&c70e816&2&0000#{6ac27878-a6fa-4155-ba85-f98f491d4f33}", "device_name": "##?#USB#VID_04E8&PID_6860&MS_COMP_MTP&SAMSUNG_Android#6&c70e816&2&0000#{6ac27878-a6fa-4155-ba85-f98f491d4f33}", "protocol": "MTP/PTP", "is_phone": true, "manufacturer": "Unknown", "transfer_type": "MTP_FILE_TRANSFER"}}
2025-07-09 09:28:55,307 - INFO - Event sent to Splunk successfully
2025-07-09 09:28:55,309 - INFO - MTP file transfer detected on ##?#USB#VID_04E8&PID_6860&MS_COMP_MTP&SAMSUNG_Android#6&c70e816&2&0000#{6ac27878-a6fa-4155-ba85-f98f491d4f33}
2025-07-09 09:29:31,303 - INFO - USB Event: {"timestamp": "2025-07-09T09:29:31.303281", "event_type": "mtp_file_transfer", "threat_level": "MEDIUM", "details": {}, "system_info": {"hostname": "LAPTOP-9N62H7OO", "user": "aayus"}, "event_data": {"device_id": "REG_VID_04E8&PID_6860&MS_COMP_MTP&SAMSUNG_Android", "device_name": "VID_04E8&PID_6860&MS_COMP_MTP&SAMSUNG_Android", "protocol": "MTP/PTP", "is_phone": true, "manufacturer": "Unknown", "transfer_type": "MTP_FILE_TRANSFER"}}
2025-07-09 09:29:33,362 - INFO - Event sent to Splunk successfully
2025-07-09 09:29:33,363 - INFO - MTP file transfer detected on VID_04E8&PID_6860&MS_COMP_MTP&SAMSUNG_Android
2025-07-09 09:29:33,595 - INFO - USB Event: {"timestamp": "2025-07-09T09:29:33.595753", "event_type": "mtp_file_transfer", "threat_level": "MEDIUM", "details": {}, "system_info": {"hostname": "LAPTOP-9N62H7OO", "user": "aayus"}, "event_data": {"device_id": "REG_##?#USB#VID_04E8&PID_6860&MS_COMP_MTP&SAMSUNG_Android#6&c70e816&2&0000#{6ac27878-a6fa-4155-ba85-f98f491d4f33}", "device_name": "##?#USB#VID_04E8&PID_6860&MS_COMP_MTP&SAMSUNG_Android#6&c70e816&2&0000#{6ac27878-a6fa-4155-ba85-f98f491d4f33}", "protocol": "MTP/PTP", "is_phone": true, "manufacturer": "Unknown", "transfer_type": "MTP_FILE_TRANSFER"}}
2025-07-09 09:29:35,669 - INFO - Event sent to Splunk successfully
2025-07-09 09:29:35,670 - INFO - MTP file transfer detected on ##?#USB#VID_04E8&PID_6860&MS_COMP_MTP&SAMSUNG_Android#6&c70e816&2&0000#{6ac27878-a6fa-4155-ba85-f98f491d4f33}
2025-07-09 09:30:16,663 - INFO - USB Event: {"timestamp": "2025-07-09T09:30:16.663889", "event_type": "mtp_file_transfer", "threat_level": "MEDIUM", "details": {}, "system_info": {"hostname": "LAPTOP-9N62H7OO", "user": "aayus"}, "event_data": {"device_id": "REG_VID_04E8&PID_6860&MS_COMP_MTP&SAMSUNG_Android", "device_name": "VID_04E8&PID_6860&MS_COMP_MTP&SAMSUNG_Android", "protocol": "MTP/PTP", "is_phone": true, "manufacturer": "Unknown", "transfer_type": "MTP_FILE_TRANSFER"}}
2025-07-09 09:30:18,737 - INFO - Event sent to Splunk successfully
2025-07-09 09:30:18,738 - INFO - MTP file transfer detected on VID_04E8&PID_6860&MS_COMP_MTP&SAMSUNG_Android
2025-07-09 09:30:19,024 - INFO - USB Event: {"timestamp": "2025-07-09T09:30:19.024424", "event_type": "mtp_file_transfer", "threat_level": "MEDIUM", "details": {}, "system_info": {"hostname": "LAPTOP-9N62H7OO", "user": "aayus"}, "event_data": {"device_id": "REG_##?#USB#VID_04E8&PID_6860&MS_COMP_MTP&SAMSUNG_Android#6&c70e816&2&0000#{6ac27878-a6fa-4155-ba85-f98f491d4f33}", "device_name": "##?#USB#VID_04E8&PID_6860&MS_COMP_MTP&SAMSUNG_Android#6&c70e816&2&0000#{6ac27878-a6fa-4155-ba85-f98f491d4f33}", "protocol": "MTP/PTP", "is_phone": true, "manufacturer": "Unknown", "transfer_type": "MTP_FILE_TRANSFER"}}
2025-07-09 09:30:21,105 - INFO - Event sent to Splunk successfully
2025-07-09 09:30:21,106 - INFO - MTP file transfer detected on ##?#USB#VID_04E8&PID_6860&MS_COMP_MTP&SAMSUNG_Android#6&c70e816&2&0000#{6ac27878-a6fa-4155-ba85-f98f491d4f33}
2025-07-09 09:31:09,166 - INFO - USB Event: {"timestamp": "2025-07-09T09:31:09.166333", "event_type": "mtp_file_transfer", "threat_level": "MEDIUM", "details": {}, "system_info": {"hostname": "LAPTOP-9N62H7OO", "user": "aayus"}, "event_data": {"device_id": "REG_VID_04E8&PID_6860&MS_COMP_MTP&SAMSUNG_Android", "device_name": "VID_04E8&PID_6860&MS_COMP_MTP&SAMSUNG_Android", "protocol": "MTP/PTP", "is_phone": true, "manufacturer": "Unknown", "transfer_type": "MTP_FILE_TRANSFER"}}
2025-07-09 09:31:11,219 - INFO - Event sent to Splunk successfully
2025-07-09 09:31:11,220 - INFO - MTP file transfer detected on VID_04E8&PID_6860&MS_COMP_MTP&SAMSUNG_Android
2025-07-09 09:31:11,468 - INFO - USB Event: {"timestamp": "2025-07-09T09:31:11.468829", "event_type": "mtp_file_transfer", "threat_level": "MEDIUM", "details": {}, "system_info": {"hostname": "LAPTOP-9N62H7OO", "user": "aayus"}, "event_data": {"device_id": "REG_##?#USB#VID_04E8&PID_6860&MS_COMP_MTP&SAMSUNG_Android#6&c70e816&2&0000#{6ac27878-a6fa-4155-ba85-f98f491d4f33}", "device_name": "##?#USB#VID_04E8&PID_6860&MS_COMP_MTP&SAMSUNG_Android#6&c70e816&2&0000#{6ac27878-a6fa-4155-ba85-f98f491d4f33}", "protocol": "MTP/PTP", "is_phone": true, "manufacturer": "Unknown", "transfer_type": "MTP_FILE_TRANSFER"}}
2025-07-09 09:31:13,531 - INFO - Event sent to Splunk successfully
2025-07-09 09:31:13,531 - INFO - MTP file transfer detected on ##?#USB#VID_04E8&PID_6860&MS_COMP_MTP&SAMSUNG_Android#6&c70e816&2&0000#{6ac27878-a6fa-4155-ba85-f98f491d4f33}
2025-07-09 09:31:44,584 - INFO - USB Event: {"timestamp": "2025-07-09T09:31:44.584517", "event_type": "mtp_file_transfer", "threat_level": "MEDIUM", "details": {}, "system_info": {"hostname": "LAPTOP-9N62H7OO", "user": "aayus"}, "event_data": {"device_id": "REG_VID_04E8&PID_6860&MS_COMP_MTP&SAMSUNG_Android", "device_name": "VID_04E8&PID_6860&MS_COMP_MTP&SAMSUNG_Android", "protocol": "MTP/PTP", "is_phone": true, "manufacturer": "Unknown", "transfer_type": "MTP_FILE_TRANSFER"}}
2025-07-09 09:31:46,655 - INFO - Event sent to Splunk successfully
2025-07-09 09:31:46,655 - INFO - MTP file transfer detected on VID_04E8&PID_6860&MS_COMP_MTP&SAMSUNG_Android
2025-07-09 09:31:46,885 - INFO - USB Event: {"timestamp": "2025-07-09T09:31:46.885100", "event_type": "mtp_file_transfer", "threat_level": "MEDIUM", "details": {}, "system_info": {"hostname": "LAPTOP-9N62H7OO", "user": "aayus"}, "event_data": {"device_id": "REG_##?#USB#VID_04E8&PID_6860&MS_COMP_MTP&SAMSUNG_Android#6&c70e816&2&0000#{6ac27878-a6fa-4155-ba85-f98f491d4f33}", "device_name": "##?#USB#VID_04E8&PID_6860&MS_COMP_MTP&SAMSUNG_Android#6&c70e816&2&0000#{6ac27878-a6fa-4155-ba85-f98f491d4f33}", "protocol": "MTP/PTP", "is_phone": true, "manufacturer": "Unknown", "transfer_type": "MTP_FILE_TRANSFER"}}
2025-07-09 09:31:48,972 - INFO - Event sent to Splunk successfully
2025-07-09 09:31:48,973 - INFO - MTP file transfer detected on ##?#USB#VID_04E8&PID_6860&MS_COMP_MTP&SAMSUNG_Android#6&c70e816&2&0000#{6ac27878-a6fa-4155-ba85-f98f491d4f33}
2025-07-09 09:32:18,205 - INFO - USB Event: {"timestamp": "2025-07-09T09:32:18.205155", "event_type": "mtp_file_transfer", "threat_level": "MEDIUM", "details": {}, "system_info": {"hostname": "LAPTOP-9N62H7OO", "user": "aayus"}, "event_data": {"device_id": "REG_VID_04E8&PID_6860&MS_COMP_MTP&SAMSUNG_Android", "device_name": "VID_04E8&PID_6860&MS_COMP_MTP&SAMSUNG_Android", "protocol": "MTP/PTP", "is_phone": true, "manufacturer": "Unknown", "transfer_type": "MTP_FILE_TRANSFER"}}
